I'm sorry, but errors were detected in your script. Please correct the
errors listed below, and try again.


File "game/screens.rpy", line 292: screen expects a non-empty block.
    screen navigation():
                        ^

Ren'Py Version: Ren'Py 7.0.0.196
Thu Sep 20 22:06:15 2018
